running egg_info
creating ../../../build/robot_digital_twin/robot_digital_twin.egg-info
writing ../../../build/robot_digital_twin/robot_digital_twin.egg-info/PKG-INFO
writing dependency_links to ../../../build/robot_digital_twin/robot_digital_twin.egg-info/dependency_links.txt
writing entry points to ../../../build/robot_digital_twin/robot_digital_twin.egg-info/entry_points.txt
writing requirements to ../../../build/robot_digital_twin/robot_digital_twin.egg-info/requires.txt
writing top-level names to ../../../build/robot_digital_twin/robot_digital_twin.egg-info/top_level.txt
writing manifest file '../../../build/robot_digital_twin/robot_digital_twin.egg-info/SOURCES.txt'
reading manifest file '../../../build/robot_digital_twin/robot_digital_twin.egg-info/SOURCES.txt'
writing manifest file '../../../build/robot_digital_twin/robot_digital_twin.egg-info/SOURCES.txt'
running build
running build_py
creating /home/vitor/artigo_ieee_ws/build/robot_digital_twin/build
creating /home/vitor/artigo_ieee_ws/build/robot_digital_twin/build/lib
creating /home/vitor/artigo_ieee_ws/build/robot_digital_twin/build/lib/robot_digital_twin
copying robot_digital_twin/odom_node.py -> /home/vitor/artigo_ieee_ws/build/robot_digital_twin/build/lib/robot_digital_twin
copying robot_digital_twin/twin_node.py -> /home/vitor/artigo_ieee_ws/build/robot_digital_twin/build/lib/robot_digital_twin
copying robot_digital_twin/serial_bridge_node.py -> /home/vitor/artigo_ieee_ws/build/robot_digital_twin/build/lib/robot_digital_twin
copying robot_digital_twin/controller_node.py -> /home/vitor/artigo_ieee_ws/build/robot_digital_twin/build/lib/robot_digital_twin
copying robot_digital_twin/ground_truth_node.py -> /home/vitor/artigo_ieee_ws/build/robot_digital_twin/build/lib/robot_digital_twin
copying robot_digital_twin/__init__.py -> /home/vitor/artigo_ieee_ws/build/robot_digital_twin/build/lib/robot_digital_twin
running install
running install_lib
creating /home/vitor/artigo_ieee_ws/install/robot_digital_twin/lib/python3.10/site-packages/robot_digital_twin
copying /home/vitor/artigo_ieee_ws/build/robot_digital_twin/build/lib/robot_digital_twin/odom_node.py -> /home/vitor/artigo_ieee_ws/install/robot_digital_twin/lib/python3.10/site-packages/robot_digital_twin
copying /home/vitor/artigo_ieee_ws/build/robot_digital_twin/build/lib/robot_digital_twin/twin_node.py -> /home/vitor/artigo_ieee_ws/install/robot_digital_twin/lib/python3.10/site-packages/robot_digital_twin
copying /home/vitor/artigo_ieee_ws/build/robot_digital_twin/build/lib/robot_digital_twin/serial_bridge_node.py -> /home/vitor/artigo_ieee_ws/install/robot_digital_twin/lib/python3.10/site-packages/robot_digital_twin
copying /home/vitor/artigo_ieee_ws/build/robot_digital_twin/build/lib/robot_digital_twin/controller_node.py -> /home/vitor/artigo_ieee_ws/install/robot_digital_twin/lib/python3.10/site-packages/robot_digital_twin
copying /home/vitor/artigo_ieee_ws/build/robot_digital_twin/build/lib/robot_digital_twin/ground_truth_node.py -> /home/vitor/artigo_ieee_ws/install/robot_digital_twin/lib/python3.10/site-packages/robot_digital_twin
copying /home/vitor/artigo_ieee_ws/build/robot_digital_twin/build/lib/robot_digital_twin/__init__.py -> /home/vitor/artigo_ieee_ws/install/robot_digital_twin/lib/python3.10/site-packages/robot_digital_twin
byte-compiling /home/vitor/artigo_ieee_ws/install/robot_digital_twin/lib/python3.10/site-packages/robot_digital_twin/odom_node.py to odom_node.cpython-310.pyc
byte-compiling /home/vitor/artigo_ieee_ws/install/robot_digital_twin/lib/python3.10/site-packages/robot_digital_twin/twin_node.py to twin_node.cpython-310.pyc
byte-compiling /home/vitor/artigo_ieee_ws/install/robot_digital_twin/lib/python3.10/site-packages/robot_digital_twin/serial_bridge_node.py to serial_bridge_node.cpython-310.pyc
byte-compiling /home/vitor/artigo_ieee_ws/install/robot_digital_twin/lib/python3.10/site-packages/robot_digital_twin/controller_node.py to controller_node.cpython-310.pyc
byte-compiling /home/vitor/artigo_ieee_ws/install/robot_digital_twin/lib/python3.10/site-packages/robot_digital_twin/ground_truth_node.py to ground_truth_node.cpython-310.pyc
byte-compiling /home/vitor/artigo_ieee_ws/install/robot_digital_twin/lib/python3.10/site-packages/robot_digital_twin/__init__.py to __init__.cpython-310.pyc
running install_data
creating /home/vitor/artigo_ieee_ws/install/robot_digital_twin/share/ament_index
creating /home/vitor/artigo_ieee_ws/install/robot_digital_twin/share/ament_index/resource_index
creating /home/vitor/artigo_ieee_ws/install/robot_digital_twin/share/ament_index/resource_index/packages
copying resource/robot_digital_twin -> /home/vitor/artigo_ieee_ws/install/robot_digital_twin/share/ament_index/resource_index/packages
copying package.xml -> /home/vitor/artigo_ieee_ws/install/robot_digital_twin/share/robot_digital_twin
creating /home/vitor/artigo_ieee_ws/install/robot_digital_twin/share/robot_digital_twin/launch
copying launch/robot_launch.py -> /home/vitor/artigo_ieee_ws/install/robot_digital_twin/share/robot_digital_twin/launch
creating /home/vitor/artigo_ieee_ws/install/robot_digital_twin/share/robot_digital_twin/config
copying config/rviz_config.rviz -> /home/vitor/artigo_ieee_ws/install/robot_digital_twin/share/robot_digital_twin/config
running install_egg_info
Copying ../../../build/robot_digital_twin/robot_digital_twin.egg-info to /home/vitor/artigo_ieee_ws/install/robot_digital_twin/lib/python3.10/site-packages/robot_digital_twin-0.1.0-py3.10.egg-info
running install_scripts
Installing controller script to /home/vitor/artigo_ieee_ws/install/robot_digital_twin/lib/robot_digital_twin
Installing ground_truth script to /home/vitor/artigo_ieee_ws/install/robot_digital_twin/lib/robot_digital_twin
Installing odom script to /home/vitor/artigo_ieee_ws/install/robot_digital_twin/lib/robot_digital_twin
Installing serial_bridge script to /home/vitor/artigo_ieee_ws/install/robot_digital_twin/lib/robot_digital_twin
Installing twin script to /home/vitor/artigo_ieee_ws/install/robot_digital_twin/lib/robot_digital_twin
writing list of installed files to '/home/vitor/artigo_ieee_ws/build/robot_digital_twin/install.log'
