[0.512s] Invoking command in '/home/vitor/artigo_ieee_ws/src/Odometry-and-Digital-Twin/robot_digital_twin': PYTHONPATH=/home/vitor/artigo_ieee_ws/build/robot_digital_twin/prefix_override:/usr/lib/python3/dist-packages/colcon_core/task/python/colcon_distutils_commands:/home/vitor/artigo_ieee_ws/install/robot_digital_twin/lib/python3.10/site-packages:${PYTHONPATH} /usr/bin/python3 -W ignore:setup.py install is deprecated -W ignore:easy_install command is deprecated setup.py egg_info --egg-base ../../../build/robot_digital_twin build --build-base /home/vitor/artigo_ieee_ws/build/robot_digital_twin/build install --record /home/vitor/artigo_ieee_ws/build/robot_digital_twin/install.log --single-version-externally-managed install_data
[0.654s] running egg_info
[0.654s] creating ../../../build/robot_digital_twin/robot_digital_twin.egg-info
[0.654s] writing ../../../build/robot_digital_twin/robot_digital_twin.egg-info/PKG-INFO
[0.654s] writing dependency_links to ../../../build/robot_digital_twin/robot_digital_twin.egg-info/dependency_links.txt
[0.655s] writing entry points to ../../../build/robot_digital_twin/robot_digital_twin.egg-info/entry_points.txt
[0.655s] writing requirements to ../../../build/robot_digital_twin/robot_digital_twin.egg-info/requires.txt
[0.655s] writing top-level names to ../../../build/robot_digital_twin/robot_digital_twin.egg-info/top_level.txt
[0.655s] writing manifest file '../../../build/robot_digital_twin/robot_digital_twin.egg-info/SOURCES.txt'
[0.656s] reading manifest file '../../../build/robot_digital_twin/robot_digital_twin.egg-info/SOURCES.txt'
[0.656s] writing manifest file '../../../build/robot_digital_twin/robot_digital_twin.egg-info/SOURCES.txt'
[0.656s] running build
[0.656s] running build_py
[0.657s] creating /home/vitor/artigo_ieee_ws/build/robot_digital_twin/build
[0.657s] creating /home/vitor/artigo_ieee_ws/build/robot_digital_twin/build/lib
[0.657s] creating /home/vitor/artigo_ieee_ws/build/robot_digital_twin/build/lib/robot_digital_twin
[0.657s] copying robot_digital_twin/odom_node.py -> /home/vitor/artigo_ieee_ws/build/robot_digital_twin/build/lib/robot_digital_twin
[0.657s] copying robot_digital_twin/twin_node.py -> /home/vitor/artigo_ieee_ws/build/robot_digital_twin/build/lib/robot_digital_twin
[0.657s] copying robot_digital_twin/serial_bridge_node.py -> /home/vitor/artigo_ieee_ws/build/robot_digital_twin/build/lib/robot_digital_twin
[0.657s] copying robot_digital_twin/controller_node.py -> /home/vitor/artigo_ieee_ws/build/robot_digital_twin/build/lib/robot_digital_twin
[0.657s] copying robot_digital_twin/ground_truth_node.py -> /home/vitor/artigo_ieee_ws/build/robot_digital_twin/build/lib/robot_digital_twin
[0.657s] copying robot_digital_twin/__init__.py -> /home/vitor/artigo_ieee_ws/build/robot_digital_twin/build/lib/robot_digital_twin
[0.657s] running install
[0.658s] running install_lib
[0.658s] creating /home/vitor/artigo_ieee_ws/install/robot_digital_twin/lib/python3.10/site-packages/robot_digital_twin
[0.658s] copying /home/vitor/artigo_ieee_ws/build/robot_digital_twin/build/lib/robot_digital_twin/odom_node.py -> /home/vitor/artigo_ieee_ws/install/robot_digital_twin/lib/python3.10/site-packages/robot_digital_twin
[0.658s] copying /home/vitor/artigo_ieee_ws/build/robot_digital_twin/build/lib/robot_digital_twin/twin_node.py -> /home/vitor/artigo_ieee_ws/install/robot_digital_twin/lib/python3.10/site-packages/robot_digital_twin
[0.658s] copying /home/vitor/artigo_ieee_ws/build/robot_digital_twin/build/lib/robot_digital_twin/serial_bridge_node.py -> /home/vitor/artigo_ieee_ws/install/robot_digital_twin/lib/python3.10/site-packages/robot_digital_twin
[0.658s] copying /home/vitor/artigo_ieee_ws/build/robot_digital_twin/build/lib/robot_digital_twin/controller_node.py -> /home/vitor/artigo_ieee_ws/install/robot_digital_twin/lib/python3.10/site-packages/robot_digital_twin
[0.658s] copying /home/vitor/artigo_ieee_ws/build/robot_digital_twin/build/lib/robot_digital_twin/ground_truth_node.py -> /home/vitor/artigo_ieee_ws/install/robot_digital_twin/lib/python3.10/site-packages/robot_digital_twin
[0.658s] copying /home/vitor/artigo_ieee_ws/build/robot_digital_twin/build/lib/robot_digital_twin/__init__.py -> /home/vitor/artigo_ieee_ws/install/robot_digital_twin/lib/python3.10/site-packages/robot_digital_twin
[0.658s] byte-compiling /home/vitor/artigo_ieee_ws/install/robot_digital_twin/lib/python3.10/site-packages/robot_digital_twin/odom_node.py to odom_node.cpython-310.pyc
[0.659s] byte-compiling /home/vitor/artigo_ieee_ws/install/robot_digital_twin/lib/python3.10/site-packages/robot_digital_twin/twin_node.py to twin_node.cpython-310.pyc
[0.659s] byte-compiling /home/vitor/artigo_ieee_ws/install/robot_digital_twin/lib/python3.10/site-packages/robot_digital_twin/serial_bridge_node.py to serial_bridge_node.cpython-310.pyc
[0.660s] byte-compiling /home/vitor/artigo_ieee_ws/install/robot_digital_twin/lib/python3.10/site-packages/robot_digital_twin/controller_node.py to controller_node.cpython-310.pyc
[0.661s] byte-compiling /home/vitor/artigo_ieee_ws/install/robot_digital_twin/lib/python3.10/site-packages/robot_digital_twin/ground_truth_node.py to ground_truth_node.cpython-310.pyc
[0.662s] byte-compiling /home/vitor/artigo_ieee_ws/install/robot_digital_twin/lib/python3.10/site-packages/robot_digital_twin/__init__.py to __init__.cpython-310.pyc
[0.662s] running install_data
[0.662s] creating /home/vitor/artigo_ieee_ws/install/robot_digital_twin/share/ament_index
[0.662s] creating /home/vitor/artigo_ieee_ws/install/robot_digital_twin/share/ament_index/resource_index
[0.662s] creating /home/vitor/artigo_ieee_ws/install/robot_digital_twin/share/ament_index/resource_index/packages
[0.662s] copying resource/robot_digital_twin -> /home/vitor/artigo_ieee_ws/install/robot_digital_twin/share/ament_index/resource_index/packages
[0.663s] copying package.xml -> /home/vitor/artigo_ieee_ws/install/robot_digital_twin/share/robot_digital_twin
[0.663s] creating /home/vitor/artigo_ieee_ws/install/robot_digital_twin/share/robot_digital_twin/launch
[0.663s] copying launch/robot_launch.py -> /home/vitor/artigo_ieee_ws/install/robot_digital_twin/share/robot_digital_twin/launch
[0.663s] creating /home/vitor/artigo_ieee_ws/install/robot_digital_twin/share/robot_digital_twin/config
[0.663s] copying config/rviz_config.rviz -> /home/vitor/artigo_ieee_ws/install/robot_digital_twin/share/robot_digital_twin/config
[0.663s] running install_egg_info
[0.663s] Copying ../../../build/robot_digital_twin/robot_digital_twin.egg-info to /home/vitor/artigo_ieee_ws/install/robot_digital_twin/lib/python3.10/site-packages/robot_digital_twin-0.1.0-py3.10.egg-info
[0.664s] running install_scripts
[0.678s] Installing controller script to /home/vitor/artigo_ieee_ws/install/robot_digital_twin/lib/robot_digital_twin
[0.678s] Installing ground_truth script to /home/vitor/artigo_ieee_ws/install/robot_digital_twin/lib/robot_digital_twin
[0.678s] Installing odom script to /home/vitor/artigo_ieee_ws/install/robot_digital_twin/lib/robot_digital_twin
[0.678s] Installing serial_bridge script to /home/vitor/artigo_ieee_ws/install/robot_digital_twin/lib/robot_digital_twin
[0.678s] Installing twin script to /home/vitor/artigo_ieee_ws/install/robot_digital_twin/lib/robot_digital_twin
[0.678s] writing list of installed files to '/home/vitor/artigo_ieee_ws/build/robot_digital_twin/install.log'
[0.695s] Invoked command in '/home/vitor/artigo_ieee_ws/src/Odometry-and-Digital-Twin/robot_digital_twin' returned '0': PYTHONPATH=/home/vitor/artigo_ieee_ws/build/robot_digital_twin/prefix_override:/usr/lib/python3/dist-packages/colcon_core/task/python/colcon_distutils_commands:/home/vitor/artigo_ieee_ws/install/robot_digital_twin/lib/python3.10/site-packages:${PYTHONPATH} /usr/bin/python3 -W ignore:setup.py install is deprecated -W ignore:easy_install command is deprecated setup.py egg_info --egg-base ../../../build/robot_digital_twin build --build-base /home/vitor/artigo_ieee_ws/build/robot_digital_twin/build install --record /home/vitor/artigo_ieee_ws/build/robot_digital_twin/install.log --single-version-externally-managed install_data
