/home/vitor/artigo_ieee_ws/install/robot_digital_twin/lib/python3.10/site-packages/robot_digital_twin/odom_node.py
/home/vitor/artigo_ieee_ws/install/robot_digital_twin/lib/python3.10/site-packages/robot_digital_twin/twin_node.py
/home/vitor/artigo_ieee_ws/install/robot_digital_twin/lib/python3.10/site-packages/robot_digital_twin/serial_bridge_node.py
/home/vitor/artigo_ieee_ws/install/robot_digital_twin/lib/python3.10/site-packages/robot_digital_twin/controller_node.py
/home/vitor/artigo_ieee_ws/install/robot_digital_twin/lib/python3.10/site-packages/robot_digital_twin/logger_node.py
/home/vitor/artigo_ieee_ws/install/robot_digital_twin/lib/python3.10/site-packages/robot_digital_twin/ground_truth_node.py
/home/vitor/artigo_ieee_ws/install/robot_digital_twin/lib/python3.10/site-packages/robot_digital_twin/__init__.py
/home/vitor/artigo_ieee_ws/install/robot_digital_twin/lib/python3.10/site-packages/robot_digital_twin/__pycache__/odom_node.cpython-310.pyc
/home/vitor/artigo_ieee_ws/install/robot_digital_twin/lib/python3.10/site-packages/robot_digital_twin/__pycache__/twin_node.cpython-310.pyc
/home/vitor/artigo_ieee_ws/install/robot_digital_twin/lib/python3.10/site-packages/robot_digital_twin/__pycache__/serial_bridge_node.cpython-310.pyc
/home/vitor/artigo_ieee_ws/install/robot_digital_twin/lib/python3.10/site-packages/robot_digital_twin/__pycache__/controller_node.cpython-310.pyc
/home/vitor/artigo_ieee_ws/install/robot_digital_twin/lib/python3.10/site-packages/robot_digital_twin/__pycache__/logger_node.cpython-310.pyc
/home/vitor/artigo_ieee_ws/install/robot_digital_twin/lib/python3.10/site-packages/robot_digital_twin/__pycache__/ground_truth_node.cpython-310.pyc
/home/vitor/artigo_ieee_ws/install/robot_digital_twin/lib/python3.10/site-packages/robot_digital_twin/__pycache__/__init__.cpython-310.pyc
/home/vitor/artigo_ieee_ws/install/robot_digital_twin/share/ament_index/resource_index/packages/robot_digital_twin
/home/vitor/artigo_ieee_ws/install/robot_digital_twin/share/robot_digital_twin/package.xml
/home/vitor/artigo_ieee_ws/install/robot_digital_twin/share/robot_digital_twin/launch/robot_launch.py
/home/vitor/artigo_ieee_ws/install/robot_digital_twin/share/robot_digital_twin/config/rviz_config.rviz
/home/vitor/artigo_ieee_ws/install/robot_digital_twin/share/robot_digital_twin/config/camera_matrix.npy
/home/vitor/artigo_ieee_ws/install/robot_digital_twin/share/robot_digital_twin/config/dist_coeffs.npy
/home/vitor/artigo_ieee_ws/install/robot_digital_twin/share/robot_digital_twin/urdf/robot.urdf
/home/vitor/artigo_ieee_ws/install/robot_digital_twin/lib/python3.10/site-packages/robot_digital_twin-0.1.0-py3.10.egg-info/top_level.txt
/home/vitor/artigo_ieee_ws/install/robot_digital_twin/lib/python3.10/site-packages/robot_digital_twin-0.1.0-py3.10.egg-info/zip-safe
/home/vitor/artigo_ieee_ws/install/robot_digital_twin/lib/python3.10/site-packages/robot_digital_twin-0.1.0-py3.10.egg-info/SOURCES.txt
/home/vitor/artigo_ieee_ws/install/robot_digital_twin/lib/python3.10/site-packages/robot_digital_twin-0.1.0-py3.10.egg-info/entry_points.txt
/home/vitor/artigo_ieee_ws/install/robot_digital_twin/lib/python3.10/site-packages/robot_digital_twin-0.1.0-py3.10.egg-info/PKG-INFO
/home/vitor/artigo_ieee_ws/install/robot_digital_twin/lib/python3.10/site-packages/robot_digital_twin-0.1.0-py3.10.egg-info/dependency_links.txt
/home/vitor/artigo_ieee_ws/install/robot_digital_twin/lib/python3.10/site-packages/robot_digital_twin-0.1.0-py3.10.egg-info/requires.txt
/home/vitor/artigo_ieee_ws/install/robot_digital_twin/lib/robot_digital_twin/controller
/home/vitor/artigo_ieee_ws/install/robot_digital_twin/lib/robot_digital_twin/ground_truth
/home/vitor/artigo_ieee_ws/install/robot_digital_twin/lib/robot_digital_twin/logger
/home/vitor/artigo_ieee_ws/install/robot_digital_twin/lib/robot_digital_twin/odom
/home/vitor/artigo_ieee_ws/install/robot_digital_twin/lib/robot_digital_twin/serial_bridge
/home/vitor/artigo_ieee_ws/install/robot_digital_twin/lib/robot_digital_twin/twin
