[0.380s] Invoking command in '/home/vitor/artigo_ieee_ws/src/robot_digital_twin': PYTHONPATH=/home/vitor/artigo_ieee_ws/build/robot_digital_twin/prefix_override:/usr/lib/python3/dist-packages/colcon_core/task/python/colcon_distutils_commands:/home/vitor/artigo_ieee_ws/install/robot_digital_twin/lib/python3.10/site-packages:${PYTHONPATH} /usr/bin/python3 -W ignore:setup.py install is deprecated -W ignore:easy_install command is deprecated setup.py egg_info --egg-base ../../build/robot_digital_twin build --build-base /home/vitor/artigo_ieee_ws/build/robot_digital_twin/build install --record /home/vitor/artigo_ieee_ws/build/robot_digital_twin/install.log --single-version-externally-managed install_data
[0.538s] running egg_info
[0.538s] writing ../../build/robot_digital_twin/robot_digital_twin.egg-info/PKG-INFO
[0.538s] writing dependency_links to ../../build/robot_digital_twin/robot_digital_twin.egg-info/dependency_links.txt
[0.538s] writing entry points to ../../build/robot_digital_twin/robot_digital_twin.egg-info/entry_points.txt
[0.539s] writing requirements to ../../build/robot_digital_twin/robot_digital_twin.egg-info/requires.txt
[0.539s] writing top-level names to ../../build/robot_digital_twin/robot_digital_twin.egg-info/top_level.txt
[0.540s] reading manifest file '../../build/robot_digital_twin/robot_digital_twin.egg-info/SOURCES.txt'
[0.540s] writing manifest file '../../build/robot_digital_twin/robot_digital_twin.egg-info/SOURCES.txt'
[0.540s] running build
[0.541s] running build_py
[0.541s] running install
[0.541s] running install_lib
[0.541s] running install_data
[0.541s] running install_egg_info
[0.543s] removing '/home/vitor/artigo_ieee_ws/install/robot_digital_twin/lib/python3.10/site-packages/robot_digital_twin-0.1.0-py3.10.egg-info' (and everything under it)
[0.543s] Copying ../../build/robot_digital_twin/robot_digital_twin.egg-info to /home/vitor/artigo_ieee_ws/install/robot_digital_twin/lib/python3.10/site-packages/robot_digital_twin-0.1.0-py3.10.egg-info
[0.543s] running install_scripts
[0.557s] Installing controller script to /home/vitor/artigo_ieee_ws/install/robot_digital_twin/lib/robot_digital_twin
[0.558s] Installing ground_truth script to /home/vitor/artigo_ieee_ws/install/robot_digital_twin/lib/robot_digital_twin
[0.558s] Installing odom script to /home/vitor/artigo_ieee_ws/install/robot_digital_twin/lib/robot_digital_twin
[0.558s] Installing serial_bridge script to /home/vitor/artigo_ieee_ws/install/robot_digital_twin/lib/robot_digital_twin
[0.558s] Installing twin script to /home/vitor/artigo_ieee_ws/install/robot_digital_twin/lib/robot_digital_twin
[0.558s] writing list of installed files to '/home/vitor/artigo_ieee_ws/build/robot_digital_twin/install.log'
[0.577s] Invoked command in '/home/vitor/artigo_ieee_ws/src/robot_digital_twin' returned '0': PYTHONPATH=/home/vitor/artigo_ieee_ws/build/robot_digital_twin/prefix_override:/usr/lib/python3/dist-packages/colcon_core/task/python/colcon_distutils_commands:/home/vitor/artigo_ieee_ws/install/robot_digital_twin/lib/python3.10/site-packages:${PYTHONPATH} /usr/bin/python3 -W ignore:setup.py install is deprecated -W ignore:easy_install command is deprecated setup.py egg_info --egg-base ../../build/robot_digital_twin build --build-base /home/vitor/artigo_ieee_ws/build/robot_digital_twin/build install --record /home/vitor/artigo_ieee_ws/build/robot_digital_twin/install.log --single-version-externally-managed install_data
