[0.801s] Invoking command in '/home/vitor/artigo_ieee_ws/src/robot_digital_twin': PYTHONPATH=/home/vitor/artigo_ieee_ws/build/robot_digital_twin/prefix_override:/usr/lib/python3/dist-packages/colcon_core/task/python/colcon_distutils_commands:/home/vitor/artigo_ieee_ws/install/robot_digital_twin/lib/python3.10/site-packages:${PYTHONPATH} /usr/bin/python3 -W ignore:setup.py install is deprecated -W ignore:easy_install command is deprecated setup.py egg_info --egg-base ../../build/robot_digital_twin build --build-base /home/vitor/artigo_ieee_ws/build/robot_digital_twin/build install --record /home/vitor/artigo_ieee_ws/build/robot_digital_twin/install.log --single-version-externally-managed install_data
[1.089s] running egg_info
[1.090s] writing ../../build/robot_digital_twin/robot_digital_twin.egg-info/PKG-INFO
[1.090s] writing dependency_links to ../../build/robot_digital_twin/robot_digital_twin.egg-info/dependency_links.txt
[1.090s] writing entry points to ../../build/robot_digital_twin/robot_digital_twin.egg-info/entry_points.txt
[1.090s] writing requirements to ../../build/robot_digital_twin/robot_digital_twin.egg-info/requires.txt
[1.091s] writing top-level names to ../../build/robot_digital_twin/robot_digital_twin.egg-info/top_level.txt
[1.093s] reading manifest file '../../build/robot_digital_twin/robot_digital_twin.egg-info/SOURCES.txt'
[1.096s] writing manifest file '../../build/robot_digital_twin/robot_digital_twin.egg-info/SOURCES.txt'
[1.096s] running build
[1.096s] running build_py
[1.097s] copying robot_digital_twin/ground_truth_node.py -> /home/vitor/artigo_ieee_ws/build/robot_digital_twin/build/lib/robot_digital_twin
[1.097s] running install
[1.097s] running install_lib
[1.098s] copying /home/vitor/artigo_ieee_ws/build/robot_digital_twin/build/lib/robot_digital_twin/ground_truth_node.py -> /home/vitor/artigo_ieee_ws/install/robot_digital_twin/lib/python3.10/site-packages/robot_digital_twin
[1.099s] byte-compiling /home/vitor/artigo_ieee_ws/install/robot_digital_twin/lib/python3.10/site-packages/robot_digital_twin/ground_truth_node.py to ground_truth_node.cpython-310.pyc
[1.102s] running install_data
[1.102s] running install_egg_info
[1.105s] removing '/home/vitor/artigo_ieee_ws/install/robot_digital_twin/lib/python3.10/site-packages/robot_digital_twin-0.1.0-py3.10.egg-info' (and everything under it)
[1.105s] Copying ../../build/robot_digital_twin/robot_digital_twin.egg-info to /home/vitor/artigo_ieee_ws/install/robot_digital_twin/lib/python3.10/site-packages/robot_digital_twin-0.1.0-py3.10.egg-info
[1.106s] running install_scripts
[1.138s] Installing controller script to /home/vitor/artigo_ieee_ws/install/robot_digital_twin/lib/robot_digital_twin
[1.139s] Installing ground_truth script to /home/vitor/artigo_ieee_ws/install/robot_digital_twin/lib/robot_digital_twin
[1.139s] Installing logger script to /home/vitor/artigo_ieee_ws/install/robot_digital_twin/lib/robot_digital_twin
[1.139s] Installing odom script to /home/vitor/artigo_ieee_ws/install/robot_digital_twin/lib/robot_digital_twin
[1.139s] Installing serial_bridge script to /home/vitor/artigo_ieee_ws/install/robot_digital_twin/lib/robot_digital_twin
[1.139s] Installing twin script to /home/vitor/artigo_ieee_ws/install/robot_digital_twin/lib/robot_digital_twin
[1.139s] writing list of installed files to '/home/vitor/artigo_ieee_ws/build/robot_digital_twin/install.log'
[1.174s] Invoked command in '/home/vitor/artigo_ieee_ws/src/robot_digital_twin' returned '0': PYTHONPATH=/home/vitor/artigo_ieee_ws/build/robot_digital_twin/prefix_override:/usr/lib/python3/dist-packages/colcon_core/task/python/colcon_distutils_commands:/home/vitor/artigo_ieee_ws/install/robot_digital_twin/lib/python3.10/site-packages:${PYTHONPATH} /usr/bin/python3 -W ignore:setup.py install is deprecated -W ignore:easy_install command is deprecated setup.py egg_info --egg-base ../../build/robot_digital_twin build --build-base /home/vitor/artigo_ieee_ws/build/robot_digital_twin/build install --record /home/vitor/artigo_ieee_ws/build/robot_digital_twin/install.log --single-version-externally-managed install_data
