[0.895s] Invoking command in '/home/vitor/artigo_ieee_ws/src/robot_digital_twin': PYTHONPATH=/home/vitor/artigo_ieee_ws/build/robot_digital_twin/prefix_override:/usr/lib/python3/dist-packages/colcon_core/task/python/colcon_distutils_commands:/home/vitor/artigo_ieee_ws/install/robot_digital_twin/lib/python3.10/site-packages:${PYTHONPATH} /usr/bin/python3 -W ignore:setup.py install is deprecated -W ignore:easy_install command is deprecated setup.py egg_info --egg-base ../../build/robot_digital_twin build --build-base /home/vitor/artigo_ieee_ws/build/robot_digital_twin/build install --record /home/vitor/artigo_ieee_ws/build/robot_digital_twin/install.log --single-version-externally-managed install_data
[1.198s] running egg_info
[1.200s] writing ../../build/robot_digital_twin/robot_digital_twin.egg-info/PKG-INFO
[1.200s] writing dependency_links to ../../build/robot_digital_twin/robot_digital_twin.egg-info/dependency_links.txt
[1.201s] writing entry points to ../../build/robot_digital_twin/robot_digital_twin.egg-info/entry_points.txt
[1.201s] writing requirements to ../../build/robot_digital_twin/robot_digital_twin.egg-info/requires.txt
[1.201s] writing top-level names to ../../build/robot_digital_twin/robot_digital_twin.egg-info/top_level.txt
[1.204s] reading manifest file '../../build/robot_digital_twin/robot_digital_twin.egg-info/SOURCES.txt'
[1.206s] writing manifest file '../../build/robot_digital_twin/robot_digital_twin.egg-info/SOURCES.txt'
[1.206s] running build
[1.206s] running build_py
[1.206s] copying robot_digital_twin/ground_truth_node.py -> /home/vitor/artigo_ieee_ws/build/robot_digital_twin/build/lib/robot_digital_twin
[1.207s] running install
[1.208s] running install_lib
[1.209s] copying /home/vitor/artigo_ieee_ws/build/robot_digital_twin/build/lib/robot_digital_twin/ground_truth_node.py -> /home/vitor/artigo_ieee_ws/install/robot_digital_twin/lib/python3.10/site-packages/robot_digital_twin
[1.211s] byte-compiling /home/vitor/artigo_ieee_ws/install/robot_digital_twin/lib/python3.10/site-packages/robot_digital_twin/ground_truth_node.py to ground_truth_node.cpython-310.pyc
[1.215s] running install_data
[1.215s] running install_egg_info
[1.219s] removing '/home/vitor/artigo_ieee_ws/install/robot_digital_twin/lib/python3.10/site-packages/robot_digital_twin-0.1.0-py3.10.egg-info' (and everything under it)
[1.219s] Copying ../../build/robot_digital_twin/robot_digital_twin.egg-info to /home/vitor/artigo_ieee_ws/install/robot_digital_twin/lib/python3.10/site-packages/robot_digital_twin-0.1.0-py3.10.egg-info
[1.220s] running install_scripts
[1.264s] Installing controller script to /home/vitor/artigo_ieee_ws/install/robot_digital_twin/lib/robot_digital_twin
[1.265s] Installing ground_truth script to /home/vitor/artigo_ieee_ws/install/robot_digital_twin/lib/robot_digital_twin
[1.265s] Installing logger script to /home/vitor/artigo_ieee_ws/install/robot_digital_twin/lib/robot_digital_twin
[1.266s] Installing odom script to /home/vitor/artigo_ieee_ws/install/robot_digital_twin/lib/robot_digital_twin
[1.266s] Installing serial_bridge script to /home/vitor/artigo_ieee_ws/install/robot_digital_twin/lib/robot_digital_twin
[1.266s] Installing twin script to /home/vitor/artigo_ieee_ws/install/robot_digital_twin/lib/robot_digital_twin
[1.266s] writing list of installed files to '/home/vitor/artigo_ieee_ws/build/robot_digital_twin/install.log'
[1.324s] Invoked command in '/home/vitor/artigo_ieee_ws/src/robot_digital_twin' returned '0': PYTHONPATH=/home/vitor/artigo_ieee_ws/build/robot_digital_twin/prefix_override:/usr/lib/python3/dist-packages/colcon_core/task/python/colcon_distutils_commands:/home/vitor/artigo_ieee_ws/install/robot_digital_twin/lib/python3.10/site-packages:${PYTHONPATH} /usr/bin/python3 -W ignore:setup.py install is deprecated -W ignore:easy_install command is deprecated setup.py egg_info --egg-base ../../build/robot_digital_twin build --build-base /home/vitor/artigo_ieee_ws/build/robot_digital_twin/build install --record /home/vitor/artigo_ieee_ws/build/robot_digital_twin/install.log --single-version-externally-managed install_data
